Standard Commons Logging discovery in action with spring-jcl: please remove commons-logging.jar from classpath in order to avoid potential conflicts

  .   ____          _            __ _ _
 /\\ / ___'_ __ _ _(_)_ __  __ _ \ \ \ \
( ( )\___ | '_ | '_| | '_ \/ _` | \ \ \ \
 \\/  ___)| |_)| | | | | || (_| |  ) ) ) )
  '  |____| .__|_| |_|_| |_\__, | / / / /
 =========|_|==============|___/=/_/_/_/

 :: Spring Boot ::               (v3.3.10)

2026-03-20T11:38:39.817+05:30  INFO 9392 --- [techalfa-auth-backend] [           main] org.techalfa.auth.BackendApplication     : Starting BackendApplication v0.0.1-SNAPSHOT using Java 21.0.7 with PID 9392 (C:\Users\DELL\OneDrive\Documents\GitHub\TechAlpha\backend\target\techalfa-auth-backend-0.0.1-SNAPSHOT.jar started by DELL in C:\Users\DELL\OneDrive\Documents\GitHub\TechAlpha\backend)
2026-03-20T11:38:39.831+05:30  INFO 9392 --- [techalfa-auth-backend] [           main] org.techalfa.auth.BackendApplication     : No active profile set, falling back to 1 default profile: "default"
2026-03-20T11:38:44.378+05:30  INFO 9392 --- [techalfa-auth-backend] [           main] .s.d.r.c.RepositoryConfigurationDelegate : Bootstrapping Spring Data JPA repositories in DEFAULT mode.
2026-03-20T11:38:44.948+05:30  INFO 9392 --- [techalfa-auth-backend] [           main] .s.d.r.c.RepositoryConfigurationDelegate : Finished Spring Data repository scanning in 508 ms. Found 7 JPA repository interfaces.
2026-03-20T11:38:48.716+05:30  INFO 9392 --- [techalfa-auth-backend] [           main] o.s.b.w.embedded.tomcat.TomcatWebServer  : Tomcat initialized with port 8080 (http)
2026-03-20T11:38:48.795+05:30  INFO 9392 --- [techalfa-auth-backend] [           main] o.apache.catalina.core.StandardService   : Starting service [Tomcat]
2026-03-20T11:38:48.797+05:30  INFO 9392 --- [techalfa-auth-backend] [           main] o.apache.catalina.core.StandardEngine    : Starting Servlet engine: [Apache Tomcat/10.1.39]
2026-03-20T11:38:48.963+05:30  INFO 9392 --- [techalfa-auth-backend] [           main] o.a.c.c.C.[Tomcat].[localhost].[/]       : Initializing Spring embedded WebApplicationContext
2026-03-20T11:38:48.974+05:30  INFO 9392 --- [techalfa-auth-backend] [           main] w.s.c.ServletWebServerApplicationContext : Root WebApplicationContext: initialization completed in 8705 ms
Standard Commons Logging discovery in action with spring-jcl: please remove commons-logging.jar from classpath in order to avoid potential conflicts
2026-03-20T11:38:51.554+05:30  INFO 9392 --- [techalfa-auth-backend] [           main] o.hibernate.jpa.internal.util.LogHelper  : HHH000204: Processing PersistenceUnitInfo [name: default]
2026-03-20T11:38:51.895+05:30  INFO 9392 --- [techalfa-auth-backend] [           main] org.hibernate.Version                    : HHH000412: Hibernate ORM core version 6.5.3.Final
2026-03-20T11:38:52.259+05:30  INFO 9392 --- [techalfa-auth-backend] [           main] o.h.c.internal.RegionFactoryInitiator    : HHH000026: Second-level cache disabled
2026-03-20T11:38:55.591+05:30  INFO 9392 --- [techalfa-auth-backend] [           main] o.s.o.j.p.SpringPersistenceUnitInfo      : No LoadTimeWeaver setup: ignoring JPA class transformer
2026-03-20T11:38:55.878+05:30  INFO 9392 --- [techalfa-auth-backend] [           main] com.zaxxer.hikari.HikariDataSource       : HikariPool-1 - Starting...
2026-03-20T11:38:58.256+05:30  INFO 9392 --- [techalfa-auth-backend] [           main] com.zaxxer.hikari.pool.HikariPool        : HikariPool-1 - Added connection oracle.jdbc.driver.T4CConnection@83ebdc5
2026-03-20T11:38:58.266+05:30  INFO 9392 --- [techalfa-auth-backend] [           main] com.zaxxer.hikari.HikariDataSource       : HikariPool-1 - Start completed.
2026-03-20T11:39:04.473+05:30  WARN 9392 --- [techalfa-auth-backend] [           main] org.hibernate.orm.deprecation            : HHH90000025: OracleDialect does not need to be specified explicitly using 'hibernate.dialect' (remove the property setting and it will be selected by default)
2026-03-20T11:39:10.060+05:30  INFO 9392 --- [techalfa-auth-backend] [           main] o.h.e.t.j.p.i.JtaPlatformInitiator       : HHH000489: No JTA platform available (set 'hibernate.transaction.jta.platform' to enable JTA platform integration)
2026-03-20T11:39:11.857+05:30  INFO 9392 --- [techalfa-auth-backend] [           main] j.LocalContainerEntityManagerFactoryBean : Initialized JPA EntityManagerFactory for persistence unit 'default'
2026-03-20T11:39:22.736+05:30  INFO 9392 --- [techalfa-auth-backend] [           main] eAuthenticationProviderManagerConfigurer : Global AuthenticationManager configured with AuthenticationProvider bean with name authenticationProvider
2026-03-20T11:39:22.736+05:30  WARN 9392 --- [techalfa-auth-backend] [           main] r$InitializeUserDetailsManagerConfigurer : Global AuthenticationManager configured with an AuthenticationProvider bean. UserDetailsService beans will not be used for username/password login. Consider removing the AuthenticationProvider bean. Alternatively, consider using the UserDetailsService in a manually instantiated DaoAuthenticationProvider.
2026-03-20T11:39:24.870+05:30  INFO 9392 --- [techalfa-auth-backend] [           main] o.s.b.w.embedded.tomcat.TomcatWebServer  : Tomcat started on port 8080 (http) with context path '/'
2026-03-20T11:39:24.912+05:30  INFO 9392 --- [techalfa-auth-backend] [           main] org.techalfa.auth.BackendApplication     : Started BackendApplication in 46.762 seconds (process running for 48.536)
